// Jest Snapshot v1, https://goo.gl/fbAQLP

exports[`рендеринг одностраничного просмотра каталога 1`] = `
<div
  className="CatalogPage-Loader-2 CatalogShowItem"
>
  <div
    className="container"
  >
    <div
      className="row"
    >
      <div
        className="col-12"
      >
        <h1
          className="CatalogPage-Text-Loading"
        >
          ...Loading
          <div
            className="loader-container"
          >
            <div
              className="loader-1"
            />
          </div>
        </h1>
      </div>
    </div>
  </div>
</div>
`;
