// Jest Snapshot v1, https://goo.gl/fbAQLP

exports[`работа кнопок перехода на страницу каталога и открытия меню с коментариями при нажатии на кнопку 1`] = `
<div
  className="HomePage"
>
  <div
    className="HomePage-Carousel"
  >
    <div
      className="container"
    >
      <div
        className="row"
      >
        <div
          className="col-12"
        >
          <div
            className="carousel slide"
            data-ride="carousel"
            id="carouselExampleControls"
          >
            <div
              className="carousel-inner"
            >
              <div
                className="carousel-item active"
              >
                <img
                  alt="First slide"
                  className="d-block w-100"
                  src="https://image.freepik.com/free-photo/no-translate-detected_3579-24.jpg"
                />
              </div>
              <div
                className="carousel-item"
              >
                <img
                  alt="Second slide"
                  className="d-block w-100"
                  src="https://ilenta.com/netcat_files/Image/ColorWare-Limited-MacBook-Pro-Marble-1.jpg"
                />
              </div>
            </div>
            <a
              className="carousel-control-prev"
              data-slide="prev"
              href="#carouselExampleControls"
              role="button"
            >
              <span
                aria-hidden="true"
                className="carousel-control-prev-icon"
              />
              <span
                className="sr-only"
              >
                Previous
              </span>
            </a>
            <a
              className="carousel-control-next"
              data-slide="next"
              href="#carouselExampleControls"
              role="button"
            >
              <span
                aria-hidden="true"
                className="carousel-control-next-icon"
              />
              <span
                className="sr-only"
              >
                Next
              </span>
            </a>
          </div>
        </div>
      </div>
    </div>
  </div>
  <div
    className="container"
  >
    <div
      className="row"
    >
      <div
        className="col-12 HomePage-Services"
      >
        <span
          className="HomePage-Services-Color"
        >
          OUR 
        </span>
        SERVICES
      </div>
    </div>
    <div
      className="row"
    >
      <div
        className="col-12 col-sm-6 col-md-3"
      >
        <div
          className="row"
        >
          <div
            className="col-12 HomePage-Services-img-wrapper"
          >
            <div
              className="HomePage-Services-img1"
            >
              <span
                hidden={true}
              >
                img
              </span>
            </div>
          </div>
          <div
            className="col-12"
          >
            <p
              className="HomePage-Services-text"
            >
              We treat each client with warmth and respect
            </p>
          </div>
        </div>
      </div>
      <div
        className="col-12 col-sm-6 col-md-3"
      >
        <div
          className="row"
        >
          <div
            className="col-12 HomePage-Services-img-wrapper"
          >
            <div
              className="HomePage-Services-img2"
            >
              <span
                hidden={true}
              >
                img
              </span>
            </div>
          </div>
          <div
            className="col-12"
          >
            <p
              className="HomePage-Services-text"
            >
              Best service, excellent quality, and fastest delivery
            </p>
          </div>
        </div>
      </div>
      <div
        className="col-12 col-sm-6 col-md-3"
      >
        <div
          className="row"
        >
          <div
            className="col-12 HomePage-Services-img-wrapper"
          >
            <div
              className="HomePage-Services-img3"
            >
              <span
                hidden={true}
              >
                img
              </span>
            </div>
          </div>
          <div
            className="col-12"
          >
            <p
              className="HomePage-Services-text"
            >
              Online consultants will help you find the right product
            </p>
          </div>
        </div>
      </div>
      <div
        className="col-12 col-sm-6 col-md-3"
      >
        <div
          className="row"
        >
          <div
            className="col-12 HomePage-Services-img-wrapper"
          >
            <div
              className="HomePage-Services-img4"
            >
              <span
                hidden={true}
              >
                img
              </span>
            </div>
          </div>
          <div
            className="col-12"
          >
            <p
              className="HomePage-Services-text"
            >
              You can track your order online all time
            </p>
          </div>
        </div>
      </div>
    </div>
  </div>
  <div
    className="HomePage-wrapper-comments"
  >
    <div
      className="container"
    >
      <div
        className="row"
      >
        <div
          className="col-12 col-sm-8 col-lg-10 HomePage-wrapper-comments-text"
        >
          If you like our products and would like to leave feedback please click here, your feedback is very important to us to improve our service
        </div>
        <div
          className="col-12 col-sm-4 col-lg-2 align-self-center HomePage-wrapper-comments-btn"
        >
          <button
            className="btn btn-primary"
            data-target=".bd-example-modal-sm"
            data-toggle="modal"
            type="button"
          >
            Comments
          </button>
          <div
            aria-hidden="false"
            aria-labelledby="myLargeModalLabel"
            className="modal fade bd-example-modal-sm"
            role="dialog"
            tabIndex="-1"
          >
            <div
              className="vertical-alignment-helper"
            >
              <div
                className="modal-dialog modal-sm vertical-align-center"
              >
                <div
                  className="modal-content"
                >
                  <div
                    className="container"
                  >
                    <div
                      className="row"
                    >
                      <div
                        className="col-12"
                      >
                        <div
                          className="col-12"
                        >
                          <input
                            className="BasketPage-form-name"
                            onChange={[Function]}
                            placeholder="Please enter name"
                            type="text"
                          />
                        </div>
                        <div
                          className="col-12"
                        >
                          <textarea
                            className="BasketPage-form-phone"
                            onChange={[Function]}
                            placeholder="Please enter comment"
                            rows="6"
                          />
                        </div>
                        <div
                          className="col-12"
                        >
                          <input
                            className="btn btn-primary BasketPage-form-btn"
                            disabled={true}
                            onClick={[Function]}
                            type="button"
                            value="add comment"
                          />
                        </div>
                      </div>
                    </div>
                  </div>
                </div>
              </div>
            </div>
          </div>
        </div>
      </div>
    </div>
  </div>
  <div
    className="HomePage-wrapper-gallery"
  >
    <div
      className="container"
    >
      <div
        className="row"
      >
        <div
          className="col-12 HomePage-Pricing"
        >
          PRICING
        </div>
      </div>
      <div
        className="row"
      >
        <div
          className="col-md-4"
        >
          <div
            className="card"
          >
            <div
              className="card-body"
            >
              <h5
                className="card-title"
              >
                Laptops
              </h5>
              <p
                className="card-text"
              >
                The laptop is an integral part in the life of each of us. The prices will pleasantly surprise you in comparison with competitors. Here you will find a wide variety of models, the best quality also when buying a laptop bag as a gift.
              </p>
              <a
                aria-current={null}
                className="btn btn-primary"
                href="#/catalogpage"
                onClick={[Function]}
                value="goLaprors"
              >
                Catalog
              </a>
            </div>
          </div>
        </div>
        <div
          className="col-md-4"
        >
          <div
            className="card"
          >
            <div
              className="card-body"
            >
              <h5
                className="card-title"
              >
                Phones
              </h5>
              <p
                className="card-text"
              >
                The latest offers you will find here and now. Phones of any category from the cheapest to the most expensive. All new items only with us. Buy a phone we get a case as a gift.
              </p>
              <a
                aria-current={null}
                className="btn btn-primary"
                href="#/catalogpage"
                onClick={[Function]}
                value="goPhones"
              >
                Catalog
              </a>
            </div>
          </div>
        </div>
        <div
          className="col-md-4"
        >
          <div
            className="card"
          >
            <div
              className="card-body"
            >
              <h5
                className="card-title"
              >
                Tablets
              </h5>
              <p
                className="card-text"
              >
                Love the convenience and style, then buy tablets from China at the cheapest prices and decent quality, warranty for each model 3 years!!! It is possible to purchase in installments or credit. The first 20 customers 50% discount!!! Don't miss your chance. Also as a gift case.
              </p>
              <a
                aria-current={null}
                className="btn btn-primary"
                href="#/catalogpage"
                onClick={[Function]}
                value="goTablets"
              >
                Catalog
              </a>
            </div>
          </div>
        </div>
      </div>
    </div>
  </div>
</div>
`;

exports[`работа кнопок перехода на страницу каталога и открытия меню с коментариями при нажатии на кнопку 2`] = `
<div
  className="HomePage"
>
  <div
    className="HomePage-Carousel"
  >
    <div
      className="container"
    >
      <div
        className="row"
      >
        <div
          className="col-12"
        >
          <div
            className="carousel slide"
            data-ride="carousel"
            id="carouselExampleControls"
          >
            <div
              className="carousel-inner"
            >
              <div
                className="carousel-item active"
              >
                <img
                  alt="First slide"
                  className="d-block w-100"
                  src="https://image.freepik.com/free-photo/no-translate-detected_3579-24.jpg"
                />
              </div>
              <div
                className="carousel-item"
              >
                <img
                  alt="Second slide"
                  className="d-block w-100"
                  src="https://ilenta.com/netcat_files/Image/ColorWare-Limited-MacBook-Pro-Marble-1.jpg"
                />
              </div>
            </div>
            <a
              className="carousel-control-prev"
              data-slide="prev"
              href="#carouselExampleControls"
              role="button"
            >
              <span
                aria-hidden="true"
                className="carousel-control-prev-icon"
              />
              <span
                className="sr-only"
              >
                Previous
              </span>
            </a>
            <a
              className="carousel-control-next"
              data-slide="next"
              href="#carouselExampleControls"
              role="button"
            >
              <span
                aria-hidden="true"
                className="carousel-control-next-icon"
              />
              <span
                className="sr-only"
              >
                Next
              </span>
            </a>
          </div>
        </div>
      </div>
    </div>
  </div>
  <div
    className="container"
  >
    <div
      className="row"
    >
      <div
        className="col-12 HomePage-Services"
      >
        <span
          className="HomePage-Services-Color"
        >
          OUR 
        </span>
        SERVICES
      </div>
    </div>
    <div
      className="row"
    >
      <div
        className="col-12 col-sm-6 col-md-3"
      >
        <div
          className="row"
        >
          <div
            className="col-12 HomePage-Services-img-wrapper"
          >
            <div
              className="HomePage-Services-img1"
            >
              <span
                hidden={true}
              >
                img
              </span>
            </div>
          </div>
          <div
            className="col-12"
          >
            <p
              className="HomePage-Services-text"
            >
              We treat each client with warmth and respect
            </p>
          </div>
        </div>
      </div>
      <div
        className="col-12 col-sm-6 col-md-3"
      >
        <div
          className="row"
        >
          <div
            className="col-12 HomePage-Services-img-wrapper"
          >
            <div
              className="HomePage-Services-img2"
            >
              <span
                hidden={true}
              >
                img
              </span>
            </div>
          </div>
          <div
            className="col-12"
          >
            <p
              className="HomePage-Services-text"
            >
              Best service, excellent quality, and fastest delivery
            </p>
          </div>
        </div>
      </div>
      <div
        className="col-12 col-sm-6 col-md-3"
      >
        <div
          className="row"
        >
          <div
            className="col-12 HomePage-Services-img-wrapper"
          >
            <div
              className="HomePage-Services-img3"
            >
              <span
                hidden={true}
              >
                img
              </span>
            </div>
          </div>
          <div
            className="col-12"
          >
            <p
              className="HomePage-Services-text"
            >
              Online consultants will help you find the right product
            </p>
          </div>
        </div>
      </div>
      <div
        className="col-12 col-sm-6 col-md-3"
      >
        <div
          className="row"
        >
          <div
            className="col-12 HomePage-Services-img-wrapper"
          >
            <div
              className="HomePage-Services-img4"
            >
              <span
                hidden={true}
              >
                img
              </span>
            </div>
          </div>
          <div
            className="col-12"
          >
            <p
              className="HomePage-Services-text"
            >
              You can track your order online all time
            </p>
          </div>
        </div>
      </div>
    </div>
  </div>
  <div
    className="HomePage-wrapper-comments"
  >
    <div
      className="container"
    >
      <div
        className="row"
      >
        <div
          className="col-12 col-sm-8 col-lg-10 HomePage-wrapper-comments-text"
        >
          If you like our products and would like to leave feedback please click here, your feedback is very important to us to improve our service
        </div>
        <div
          className="col-12 col-sm-4 col-lg-2 align-self-center HomePage-wrapper-comments-btn"
        >
          <button
            className="btn btn-primary"
            data-target=".bd-example-modal-sm"
            data-toggle="modal"
            type="button"
          >
            Comments
          </button>
          <div
            aria-hidden="false"
            aria-labelledby="myLargeModalLabel"
            className="modal fade bd-example-modal-sm"
            role="dialog"
            tabIndex="-1"
          >
            <div
              className="vertical-alignment-helper"
            >
              <div
                className="modal-dialog modal-sm vertical-align-center"
              >
                <div
                  className="modal-content"
                >
                  <div
                    className="container"
                  >
                    <div
                      className="row"
                    >
                      <div
                        className="col-12"
                      >
                        <div
                          className="col-12"
                        >
                          <input
                            className="BasketPage-form-name"
                            onChange={[Function]}
                            placeholder="Please enter name"
                            type="text"
                          />
                        </div>
                        <div
                          className="col-12"
                        >
                          <textarea
                            className="BasketPage-form-phone"
                            onChange={[Function]}
                            placeholder="Please enter comment"
                            rows="6"
                          />
                        </div>
                        <div
                          className="col-12"
                        >
                          <input
                            className="btn btn-primary BasketPage-form-btn"
                            disabled={true}
                            onClick={[Function]}
                            type="button"
                            value="add comment"
                          />
                        </div>
                      </div>
                    </div>
                  </div>
                </div>
              </div>
            </div>
          </div>
        </div>
      </div>
    </div>
  </div>
  <div
    className="HomePage-wrapper-gallery"
  >
    <div
      className="container"
    >
      <div
        className="row"
      >
        <div
          className="col-12 HomePage-Pricing"
        >
          PRICING
        </div>
      </div>
      <div
        className="row"
      >
        <div
          className="col-md-4"
        >
          <div
            className="card"
          >
            <div
              className="card-body"
            >
              <h5
                className="card-title"
              >
                Laptops
              </h5>
              <p
                className="card-text"
              >
                The laptop is an integral part in the life of each of us. The prices will pleasantly surprise you in comparison with competitors. Here you will find a wide variety of models, the best quality also when buying a laptop bag as a gift.
              </p>
              <a
                aria-current={null}
                className="btn btn-primary"
                href="#/catalogpage"
                onClick={[Function]}
                value="goLaprors"
              >
                Catalog
              </a>
            </div>
          </div>
        </div>
        <div
          className="col-md-4"
        >
          <div
            className="card"
          >
            <div
              className="card-body"
            >
              <h5
                className="card-title"
              >
                Phones
              </h5>
              <p
                className="card-text"
              >
                The latest offers you will find here and now. Phones of any category from the cheapest to the most expensive. All new items only with us. Buy a phone we get a case as a gift.
              </p>
              <a
                aria-current={null}
                className="btn btn-primary"
                href="#/catalogpage"
                onClick={[Function]}
                value="goPhones"
              >
                Catalog
              </a>
            </div>
          </div>
        </div>
        <div
          className="col-md-4"
        >
          <div
            className="card"
          >
            <div
              className="card-body"
            >
              <h5
                className="card-title"
              >
                Tablets
              </h5>
              <p
                className="card-text"
              >
                Love the convenience and style, then buy tablets from China at the cheapest prices and decent quality, warranty for each model 3 years!!! It is possible to purchase in installments or credit. The first 20 customers 50% discount!!! Don't miss your chance. Also as a gift case.
              </p>
              <a
                aria-current={null}
                className="btn btn-primary"
                href="#/catalogpage"
                onClick={[Function]}
                value="goTablets"
              >
                Catalog
              </a>
            </div>
          </div>
        </div>
      </div>
    </div>
  </div>
</div>
`;

exports[`работа кнопок перехода на страницу каталога и открытия меню с коментариями при нажатии на кнопку 3`] = `
<div
  className="HomePage"
>
  <div
    className="HomePage-Carousel"
  >
    <div
      className="container"
    >
      <div
        className="row"
      >
        <div
          className="col-12"
        >
          <div
            className="carousel slide"
            data-ride="carousel"
            id="carouselExampleControls"
          >
            <div
              className="carousel-inner"
            >
              <div
                className="carousel-item active"
              >
                <img
                  alt="First slide"
                  className="d-block w-100"
                  src="https://image.freepik.com/free-photo/no-translate-detected_3579-24.jpg"
                />
              </div>
              <div
                className="carousel-item"
              >
                <img
                  alt="Second slide"
                  className="d-block w-100"
                  src="https://ilenta.com/netcat_files/Image/ColorWare-Limited-MacBook-Pro-Marble-1.jpg"
                />
              </div>
            </div>
            <a
              className="carousel-control-prev"
              data-slide="prev"
              href="#carouselExampleControls"
              role="button"
            >
              <span
                aria-hidden="true"
                className="carousel-control-prev-icon"
              />
              <span
                className="sr-only"
              >
                Previous
              </span>
            </a>
            <a
              className="carousel-control-next"
              data-slide="next"
              href="#carouselExampleControls"
              role="button"
            >
              <span
                aria-hidden="true"
                className="carousel-control-next-icon"
              />
              <span
                className="sr-only"
              >
                Next
              </span>
            </a>
          </div>
        </div>
      </div>
    </div>
  </div>
  <div
    className="container"
  >
    <div
      className="row"
    >
      <div
        className="col-12 HomePage-Services"
      >
        <span
          className="HomePage-Services-Color"
        >
          OUR 
        </span>
        SERVICES
      </div>
    </div>
    <div
      className="row"
    >
      <div
        className="col-12 col-sm-6 col-md-3"
      >
        <div
          className="row"
        >
          <div
            className="col-12 HomePage-Services-img-wrapper"
          >
            <div
              className="HomePage-Services-img1"
            >
              <span
                hidden={true}
              >
                img
              </span>
            </div>
          </div>
          <div
            className="col-12"
          >
            <p
              className="HomePage-Services-text"
            >
              We treat each client with warmth and respect
            </p>
          </div>
        </div>
      </div>
      <div
        className="col-12 col-sm-6 col-md-3"
      >
        <div
          className="row"
        >
          <div
            className="col-12 HomePage-Services-img-wrapper"
          >
            <div
              className="HomePage-Services-img2"
            >
              <span
                hidden={true}
              >
                img
              </span>
            </div>
          </div>
          <div
            className="col-12"
          >
            <p
              className="HomePage-Services-text"
            >
              Best service, excellent quality, and fastest delivery
            </p>
          </div>
        </div>
      </div>
      <div
        className="col-12 col-sm-6 col-md-3"
      >
        <div
          className="row"
        >
          <div
            className="col-12 HomePage-Services-img-wrapper"
          >
            <div
              className="HomePage-Services-img3"
            >
              <span
                hidden={true}
              >
                img
              </span>
            </div>
          </div>
          <div
            className="col-12"
          >
            <p
              className="HomePage-Services-text"
            >
              Online consultants will help you find the right product
            </p>
          </div>
        </div>
      </div>
      <div
        className="col-12 col-sm-6 col-md-3"
      >
        <div
          className="row"
        >
          <div
            className="col-12 HomePage-Services-img-wrapper"
          >
            <div
              className="HomePage-Services-img4"
            >
              <span
                hidden={true}
              >
                img
              </span>
            </div>
          </div>
          <div
            className="col-12"
          >
            <p
              className="HomePage-Services-text"
            >
              You can track your order online all time
            </p>
          </div>
        </div>
      </div>
    </div>
  </div>
  <div
    className="HomePage-wrapper-comments"
  >
    <div
      className="container"
    >
      <div
        className="row"
      >
        <div
          className="col-12 col-sm-8 col-lg-10 HomePage-wrapper-comments-text"
        >
          If you like our products and would like to leave feedback please click here, your feedback is very important to us to improve our service
        </div>
        <div
          className="col-12 col-sm-4 col-lg-2 align-self-center HomePage-wrapper-comments-btn"
        >
          <button
            className="btn btn-primary"
            data-target=".bd-example-modal-sm"
            data-toggle="modal"
            type="button"
          >
            Comments
          </button>
          <div
            aria-hidden="false"
            aria-labelledby="myLargeModalLabel"
            className="modal fade bd-example-modal-sm"
            role="dialog"
            tabIndex="-1"
          >
            <div
              className="vertical-alignment-helper"
            >
              <div
                className="modal-dialog modal-sm vertical-align-center"
              >
                <div
                  className="modal-content"
                >
                  <div
                    className="container"
                  >
                    <div
                      className="row"
                    >
                      <div
                        className="col-12"
                      >
                        <div
                          className="col-12"
                        >
                          <input
                            className="BasketPage-form-name"
                            onChange={[Function]}
                            placeholder="Please enter name"
                            type="text"
                          />
                        </div>
                        <div
                          className="col-12"
                        >
                          <textarea
                            className="BasketPage-form-phone"
                            onChange={[Function]}
                            placeholder="Please enter comment"
                            rows="6"
                          />
                        </div>
                        <div
                          className="col-12"
                        >
                          <input
                            className="btn btn-primary BasketPage-form-btn"
                            disabled={true}
                            onClick={[Function]}
                            type="button"
                            value="add comment"
                          />
                        </div>
                      </div>
                    </div>
                  </div>
                </div>
              </div>
            </div>
          </div>
        </div>
      </div>
    </div>
  </div>
  <div
    className="HomePage-wrapper-gallery"
  >
    <div
      className="container"
    >
      <div
        className="row"
      >
        <div
          className="col-12 HomePage-Pricing"
        >
          PRICING
        </div>
      </div>
      <div
        className="row"
      >
        <div
          className="col-md-4"
        >
          <div
            className="card"
          >
            <div
              className="card-body"
            >
              <h5
                className="card-title"
              >
                Laptops
              </h5>
              <p
                className="card-text"
              >
                The laptop is an integral part in the life of each of us. The prices will pleasantly surprise you in comparison with competitors. Here you will find a wide variety of models, the best quality also when buying a laptop bag as a gift.
              </p>
              <a
                aria-current={null}
                className="btn btn-primary"
                href="#/catalogpage"
                onClick={[Function]}
                value="goLaprors"
              >
                Catalog
              </a>
            </div>
          </div>
        </div>
        <div
          className="col-md-4"
        >
          <div
            className="card"
          >
            <div
              className="card-body"
            >
              <h5
                className="card-title"
              >
                Phones
              </h5>
              <p
                className="card-text"
              >
                The latest offers you will find here and now. Phones of any category from the cheapest to the most expensive. All new items only with us. Buy a phone we get a case as a gift.
              </p>
              <a
                aria-current={null}
                className="btn btn-primary"
                href="#/catalogpage"
                onClick={[Function]}
                value="goPhones"
              >
                Catalog
              </a>
            </div>
          </div>
        </div>
        <div
          className="col-md-4"
        >
          <div
            className="card"
          >
            <div
              className="card-body"
            >
              <h5
                className="card-title"
              >
                Tablets
              </h5>
              <p
                className="card-text"
              >
                Love the convenience and style, then buy tablets from China at the cheapest prices and decent quality, warranty for each model 3 years!!! It is possible to purchase in installments or credit. The first 20 customers 50% discount!!! Don't miss your chance. Also as a gift case.
              </p>
              <a
                aria-current={null}
                className="btn btn-primary"
                href="#/catalogpage"
                onClick={[Function]}
                value="goTablets"
              >
                Catalog
              </a>
            </div>
          </div>
        </div>
      </div>
    </div>
  </div>
</div>
`;

exports[`работа кнопок перехода на страницу каталога и открытия меню с коментариями при нажатии на кнопку 4`] = `
<div
  className="HomePage"
>
  <div
    className="HomePage-Carousel"
  >
    <div
      className="container"
    >
      <div
        className="row"
      >
        <div
          className="col-12"
        >
          <div
            className="carousel slide"
            data-ride="carousel"
            id="carouselExampleControls"
          >
            <div
              className="carousel-inner"
            >
              <div
                className="carousel-item active"
              >
                <img
                  alt="First slide"
                  className="d-block w-100"
                  src="https://image.freepik.com/free-photo/no-translate-detected_3579-24.jpg"
                />
              </div>
              <div
                className="carousel-item"
              >
                <img
                  alt="Second slide"
                  className="d-block w-100"
                  src="https://ilenta.com/netcat_files/Image/ColorWare-Limited-MacBook-Pro-Marble-1.jpg"
                />
              </div>
            </div>
            <a
              className="carousel-control-prev"
              data-slide="prev"
              href="#carouselExampleControls"
              role="button"
            >
              <span
                aria-hidden="true"
                className="carousel-control-prev-icon"
              />
              <span
                className="sr-only"
              >
                Previous
              </span>
            </a>
            <a
              className="carousel-control-next"
              data-slide="next"
              href="#carouselExampleControls"
              role="button"
            >
              <span
                aria-hidden="true"
                className="carousel-control-next-icon"
              />
              <span
                className="sr-only"
              >
                Next
              </span>
            </a>
          </div>
        </div>
      </div>
    </div>
  </div>
  <div
    className="container"
  >
    <div
      className="row"
    >
      <div
        className="col-12 HomePage-Services"
      >
        <span
          className="HomePage-Services-Color"
        >
          OUR 
        </span>
        SERVICES
      </div>
    </div>
    <div
      className="row"
    >
      <div
        className="col-12 col-sm-6 col-md-3"
      >
        <div
          className="row"
        >
          <div
            className="col-12 HomePage-Services-img-wrapper"
          >
            <div
              className="HomePage-Services-img1"
            >
              <span
                hidden={true}
              >
                img
              </span>
            </div>
          </div>
          <div
            className="col-12"
          >
            <p
              className="HomePage-Services-text"
            >
              We treat each client with warmth and respect
            </p>
          </div>
        </div>
      </div>
      <div
        className="col-12 col-sm-6 col-md-3"
      >
        <div
          className="row"
        >
          <div
            className="col-12 HomePage-Services-img-wrapper"
          >
            <div
              className="HomePage-Services-img2"
            >
              <span
                hidden={true}
              >
                img
              </span>
            </div>
          </div>
          <div
            className="col-12"
          >
            <p
              className="HomePage-Services-text"
            >
              Best service, excellent quality, and fastest delivery
            </p>
          </div>
        </div>
      </div>
      <div
        className="col-12 col-sm-6 col-md-3"
      >
        <div
          className="row"
        >
          <div
            className="col-12 HomePage-Services-img-wrapper"
          >
            <div
              className="HomePage-Services-img3"
            >
              <span
                hidden={true}
              >
                img
              </span>
            </div>
          </div>
          <div
            className="col-12"
          >
            <p
              className="HomePage-Services-text"
            >
              Online consultants will help you find the right product
            </p>
          </div>
        </div>
      </div>
      <div
        className="col-12 col-sm-6 col-md-3"
      >
        <div
          className="row"
        >
          <div
            className="col-12 HomePage-Services-img-wrapper"
          >
            <div
              className="HomePage-Services-img4"
            >
              <span
                hidden={true}
              >
                img
              </span>
            </div>
          </div>
          <div
            className="col-12"
          >
            <p
              className="HomePage-Services-text"
            >
              You can track your order online all time
            </p>
          </div>
        </div>
      </div>
    </div>
  </div>
  <div
    className="HomePage-wrapper-comments"
  >
    <div
      className="container"
    >
      <div
        className="row"
      >
        <div
          className="col-12 col-sm-8 col-lg-10 HomePage-wrapper-comments-text"
        >
          If you like our products and would like to leave feedback please click here, your feedback is very important to us to improve our service
        </div>
        <div
          className="col-12 col-sm-4 col-lg-2 align-self-center HomePage-wrapper-comments-btn"
        >
          <button
            className="btn btn-primary"
            data-target=".bd-example-modal-sm"
            data-toggle="modal"
            type="button"
          >
            Comments
          </button>
          <div
            aria-hidden="false"
            aria-labelledby="myLargeModalLabel"
            className="modal fade bd-example-modal-sm"
            role="dialog"
            tabIndex="-1"
          >
            <div
              className="vertical-alignment-helper"
            >
              <div
                className="modal-dialog modal-sm vertical-align-center"
              >
                <div
                  className="modal-content"
                >
                  <div
                    className="container"
                  >
                    <div
                      className="row"
                    >
                      <div
                        className="col-12"
                      >
                        <div
                          className="col-12"
                        >
                          <input
                            className="BasketPage-form-name"
                            onChange={[Function]}
                            placeholder="Please enter name"
                            type="text"
                          />
                        </div>
                        <div
                          className="col-12"
                        >
                          <textarea
                            className="BasketPage-form-phone"
                            onChange={[Function]}
                            placeholder="Please enter comment"
                            rows="6"
                          />
                        </div>
                        <div
                          className="col-12"
                        >
                          <input
                            className="btn btn-primary BasketPage-form-btn"
                            disabled={true}
                            onClick={[Function]}
                            type="button"
                            value="add comment"
                          />
                        </div>
                      </div>
                    </div>
                  </div>
                </div>
              </div>
            </div>
          </div>
        </div>
      </div>
    </div>
  </div>
  <div
    className="HomePage-wrapper-gallery"
  >
    <div
      className="container"
    >
      <div
        className="row"
      >
        <div
          className="col-12 HomePage-Pricing"
        >
          PRICING
        </div>
      </div>
      <div
        className="row"
      >
        <div
          className="col-md-4"
        >
          <div
            className="card"
          >
            <div
              className="card-body"
            >
              <h5
                className="card-title"
              >
                Laptops
              </h5>
              <p
                className="card-text"
              >
                The laptop is an integral part in the life of each of us. The prices will pleasantly surprise you in comparison with competitors. Here you will find a wide variety of models, the best quality also when buying a laptop bag as a gift.
              </p>
              <a
                aria-current={null}
                className="btn btn-primary"
                href="#/catalogpage"
                onClick={[Function]}
                value="goLaprors"
              >
                Catalog
              </a>
            </div>
          </div>
        </div>
        <div
          className="col-md-4"
        >
          <div
            className="card"
          >
            <div
              className="card-body"
            >
              <h5
                className="card-title"
              >
                Phones
              </h5>
              <p
                className="card-text"
              >
                The latest offers you will find here and now. Phones of any category from the cheapest to the most expensive. All new items only with us. Buy a phone we get a case as a gift.
              </p>
              <a
                aria-current={null}
                className="btn btn-primary"
                href="#/catalogpage"
                onClick={[Function]}
                value="goPhones"
              >
                Catalog
              </a>
            </div>
          </div>
        </div>
        <div
          className="col-md-4"
        >
          <div
            className="card"
          >
            <div
              className="card-body"
            >
              <h5
                className="card-title"
              >
                Tablets
              </h5>
              <p
                className="card-text"
              >
                Love the convenience and style, then buy tablets from China at the cheapest prices and decent quality, warranty for each model 3 years!!! It is possible to purchase in installments or credit. The first 20 customers 50% discount!!! Don't miss your chance. Also as a gift case.
              </p>
              <a
                aria-current={null}
                className="btn btn-primary"
                href="#/catalogpage"
                onClick={[Function]}
                value="goTablets"
              >
                Catalog
              </a>
            </div>
          </div>
        </div>
      </div>
    </div>
  </div>
</div>
`;
